[INFO] Scanning for projects...
[INFO] 
[INFO] --------------------< com.changuitostudio:backend >---------------------
[INFO] Building backend 0.0.1-SNAPSHOT
[INFO]   from pom.xml
[INFO] --------------------------------[ jar ]---------------------------------
[INFO] 
[INFO] --- clean:3.5.0:clean (default-clean) @ backend ---
[INFO] Deleting C:\Users\USUARIO\Desktop\Proyecto-Integrador_v2\Proyecto_integrador-Develop\Proyecto_integrador-v2\backend\target
[INFO] 
[INFO] --- resources:3.3.1:resources (default-resources) @ backend ---
[INFO] Copying 1 resource from src\main\resources to target\classes
[INFO] Copying 0 resource from src\main\resources to target\classes
[INFO] 
[INFO] --- compiler:3.14.1:compile (default-compile) @ backend ---
[INFO] Recompiling the module because of changed source code.
[INFO] Compiling 61 source files with javac [debug parameters release 21] to target\classes
[INFO] /C:/Users/USUARIO/Desktop/Proyecto-Integrador_v2/Proyecto_integrador-Develop/Proyecto_integrador-v2/backend/src/main/java/com/changuitostudio/backend/infrastructure/controller/AuthController.java: C:\Users\USUARIO\Desktop\Proyecto-Integrador_v2\Proyecto_integrador-Develop\Proyecto_integrador-v2\backend\src\main\java\com\changuitostudio\backend\infrastructure\controller\AuthController.java uses or overrides a deprecated API.
[INFO] /C:/Users/USUARIO/Desktop/Proyecto-Integrador_v2/Proyecto_integrador-Develop/Proyecto_integrador-v2/backend/src/main/java/com/changuitostudio/backend/infrastructure/controller/AuthController.java: Recompile with -Xlint:deprecation for details.
[INFO] 
[INFO] --- resources:3.3.1:testResources (default-testResources) @ backend ---
[INFO] skip non existing resourceDirectory C:\Users\USUARIO\Desktop\Proyecto-Integrador_v2\Proyecto_integrador-Develop\Proyecto_integrador-v2\backend\src\test\resources
[INFO] 
[INFO] --- compiler:3.14.1:testCompile (default-testCompile) @ backend ---
[INFO] No sources to compile
[INFO] 
[INFO] --- surefire:3.5.4:test (default-test) @ backend ---
[INFO] Tests are skipped.
[INFO] 
[INFO] --- jar:3.4.2:jar (default-jar) @ backend ---
[INFO] Building jar: C:\Users\USUARIO\Desktop\Proyecto-Integrador_v2\Proyecto_integrador-Develop\Proyecto_integrador-v2\backend\target\backend-0.0.1-SNAPSHOT.jar
[INFO] 
[INFO] --- spring-boot:4.0.3:repackage (repackage) @ backend ---
[INFO] Replacing main artifact C:\Users\USUARIO\Desktop\Proyecto-Integrador_v2\Proyecto_integrador-Develop\Proyecto_integrador-v2\backend\target\backend-0.0.1-SNAPSHOT.jar with repackaged archive, adding nested dependencies in BOOT-INF/.
[INFO] The original artifact has been renamed to C:\Users\USUARIO\Desktop\Proyecto-Integrador_v2\Proyecto_integrador-Develop\Proyecto_integrador-v2\backend\target\backend-0.0.1-SNAPSHOT.jar.original
[INFO] ------------------------------------------------------------------------
[INFO] BUILD SUCCESS
[INFO] ------------------------------------------------------------------------
[INFO] Total time:  9.594 s
[INFO] Finished at: 2026-04-06T15:42:09-04:00
[INFO] ------------------------------------------------------------------------
